?   	github.com/pauljones0/betterHardwareSwap/cmd/register	[no test files]
?   	github.com/pauljones0/betterHardwareSwap/cmd/server	[no test files]
ok  	github.com/pauljones0/betterHardwareSwap/internal/ai	(cached)
ok  	github.com/pauljones0/betterHardwareSwap/internal/discord	(cached)
?   	github.com/pauljones0/betterHardwareSwap/internal/logger	[no test files]
ok  	github.com/pauljones0/betterHardwareSwap/internal/processor	2.069s
ok  	github.com/pauljones0/betterHardwareSwap/internal/reddit	(cached)
?   	github.com/pauljones0/betterHardwareSwap/internal/store	[no test files]
?   	github.com/pauljones0/betterHardwareSwap/internal/testutils	[no test files]
